Archive member included to satisfy reference by file (symbol)

c:/st/stm32cubeide_1.7.0/stm32cubeide/plugins/com.st.stm32cube.ide.mcu.externaltools.gnu-tools-for-stm32.9-2020-q2-update.win32_2.0.0.202105311346/tools/bin/../lib/gcc/arm-none-eabi/9.3.1/../../../../arm-none-eabi/lib/thumb/v7-m/nofp\libc_nano.a(lib_a-errno.o)
                              ./Core/Src/syscalls.o (__errno)
c:/st/stm32cubeide_1.7.0/stm32cubeide/plugins/com.st.stm32cube.ide.mcu.externaltools.gnu-tools-for-stm32.9-2020-q2-update.win32_2.0.0.202105311346/tools/bin/../lib/gcc/arm-none-eabi/9.3.1/../../../../arm-none-eabi/lib/thumb/v7-m/nofp\libc_nano.a(lib_a-exit.o)
                              c:/st/stm32cubeide_1.7.0/stm32cubeide/plugins/com.st.stm32cube.ide.mcu.externaltools.gnu-tools-for-stm32.9-2020-q2-update.win32_2.0.0.202105311346/tools/bin/../lib/gcc/arm-none-eabi/9.3.1/../../../../arm-none-eabi/lib/thumb/v7-m/nofp/crt0.o (exit)
c:/st/stm32cubeide_1.7.0/stm32cubeide/plugins/com.st.stm32cube.ide.mcu.externaltools.gnu-tools-for-stm32.9-2020-q2-update.win32_2.0.0.202105311346/tools/bin/../lib/gcc/arm-none-eabi/9.3.1/../../../../arm-none-eabi/lib/thumb/v7-m/nofp\libc_nano.a(lib_a-impure.o)
                              c:/st/stm32cubeide_1.7.0/stm32cubeide/plugins/com.st.stm32cube.ide.mcu.externaltools.gnu-tools-for-stm32.9-2020-q2-update.win32_2.0.0.202105311346/tools/bin/../lib/gcc/arm-none-eabi/9.3.1/../../../../arm-none-eabi/lib/thumb/v7-m/nofp\libc_nano.a(lib_a-exit.o) (_global_impure_ptr)
c:/st/stm32cubeide_1.7.0/stm32cubeide/plugins/com.st.stm32cube.ide.mcu.externaltools.gnu-tools-for-stm32.9-2020-q2-update.win32_2.0.0.202105311346/tools/bin/../lib/gcc/arm-none-eabi/9.3.1/../../../../arm-none-eabi/lib/thumb/v7-m/nofp\libc_nano.a(lib_a-init.o)
                              c:/st/stm32cubeide_1.7.0/stm32cubeide/plugins/com.st.stm32cube.ide.mcu.externaltools.gnu-tools-for-stm32.9-2020-q2-update.win32_2.0.0.202105311346/tools/bin/../lib/gcc/arm-none-eabi/9.3.1/../../../../arm-none-eabi/lib/thumb/v7-m/nofp/crt0.o (__libc_init_array)
c:/st/stm32cubeide_1.7.0/stm32cubeide/plugins/com.st.stm32cube.ide.mcu.externaltools.gnu-tools-for-stm32.9-2020-q2-update.win32_2.0.0.202105311346/tools/bin/../lib/gcc/arm-none-eabi/9.3.1/../../../../arm-none-eabi/lib/thumb/v7-m/nofp\libc_nano.a(lib_a-memset.o)
                              c:/st/stm32cubeide_1.7.0/stm32cubeide/plugins/com.st.stm32cube.ide.mcu.externaltools.gnu-tools-for-stm32.9-2020-q2-update.win32_2.0.0.202105311346/tools/bin/../lib/gcc/arm-none-eabi/9.3.1/../../../../arm-none-eabi/lib/thumb/v7-m/nofp/crt0.o (memset)

Allocating common symbols
Common symbol       size              file

uwTick              0x4               ./Drivers/STM32F1xx_HAL_Driver/Src/stm32f1xx_hal.o
pFlash              0x20              ./Drivers/STM32F1xx_HAL_Driver/Src/stm32f1xx_hal_flash.o
htim3               0x48              ./Core/Src/main.o
timer4_counter      0x4               ./Core/Src/timer.o
htim2               0x48              ./Core/Src/main.o
huart2              0x48              ./Core/Src/main.o

Discarded input sections

 .text          0x0000000000000000        0x0 c:/st/stm32cubeide_1.7.0/stm32cubeide/plugins/com.st.stm32cube.ide.mcu.externaltools.gnu-tools-for-stm32.9-2020-q2-update.win32_2.0.0.202105311346/tools/bin/../lib/gcc/arm-none-eabi/9.3.1/thumb/v7-m/nofp/crti.o
 .data          0x0000000000000000        0x0 c:/st/stm32cubeide_1.7.0/stm32cubeide/plugins/com.st.stm32cube.ide.mcu.externaltools.gnu-tools-for-stm32.9-2020-q2-update.win32_2.0.0.202105311346/tools/bin/../lib/gcc/arm-none-eabi/9.3.1/thumb/v7-m/nofp/crti.o
 .bss           0x0000000000000000        0x0 c:/st/stm32cubeide_1.7.0/stm32cubeide/plugins/com.st.stm32cube.ide.mcu.externaltools.gnu-tools-for-stm32.9-2020-q2-update.win32_2.0.0.202105311346/tools/bin/../lib/gcc/arm-none-eabi/9.3.1/thumb/v7-m/nofp/crti.o
 .data          0x0000000000000000        0x4 c:/st/stm32cubeide_1.7.0/stm32cubeide/plugins/com.st.stm32cube.ide.mcu.externaltools.gnu-tools-for-stm32.9-2020-q2-update.win32_2.0.0.202105311346/tools/bin/../lib/gcc/arm-none-eabi/9.3.1/thumb/v7-m/nofp/crtbegin.o
 .text          0x0000000000000000       0x7c c:/st/stm32cubeide_1.7.0/stm32cubeide/plugins/com.st.stm32cube.ide.mcu.externaltools.gnu-tools-for-stm32.9-2020-q2-update.win32_2.0.0.202105311346/tools/bin/../lib/gcc/arm-none-eabi/9.3.1/../../../../arm-none-eabi/lib/thumb/v7-m/nofp/crt0.o
 .data          0x0000000000000000        0x0 c:/st/stm32cubeide_1.7.0/stm32cubeide/plugins/com.st.stm32cube.ide.mcu.externaltools.gnu-tools-for-stm32.9-2020-q2-update.win32_2.0.0.202105311346/tools/bin/../lib/gcc/arm-none-eabi/9.3.1/../../../../arm-none-eabi/lib/thumb/v7-m/nofp/crt0.o
 .bss           0x0000000000000000        0x0 c:/st/stm32cubeide_1.7.0/stm32cubeide/plugins/com.st.stm32cube.ide.mcu.externaltools.gnu-tools-for-stm32.9-2020-q2-update.win32_2.0.0.202105311346/tools/bin/../lib/gcc/arm-none-eabi/9.3.1/../../../../arm-none-eabi/lib/thumb/v7-m/nofp/crt0.o
[...]
Memory Configuration

Name             Origin             Length             Attributes
RAM              0x0000000020000000 0x0000000000005000 xrw
FLASH            0x0000000008000000 0x0000000000020000 xr
*default*        0x0000000000000000 0xffffffffffffffff

Linker script and memory map

LOAD c:/st/stm32cubeide_1.7.0/stm32cubeide/plugins/com.st.stm32cube.ide.mcu.externaltools.gnu-tools-for-stm32.9-2020-q2-update.win32_2.0.0.202105311346/tools/bin/../lib/gcc/arm-none-eabi/9.3.1/thumb/v7-m/nofp/crti.o
LOAD c:/st/stm32cubeide_1.7.0/stm32cubeide/plugins/com.st.stm32cube.ide.mcu.externaltools.gnu-tools-for-stm32.9-2020-q2-update.win32_2.0.0.202105311346/tools/bin/../lib/gcc/arm-none-eabi/9.3.1/thumb/v7-m/nofp/crtbegin.o
LOAD c:/st/stm32cubeide_1.7.0/stm32cubeide/plugins/com.st.stm32cube.ide.mcu.externaltools.gnu-tools-for-stm32.9-2020-q2-update.win32_2.0.0.202105311346/tools/bin/../lib/gcc/arm-none-eabi/9.3.1/../../../../arm-none-eabi/lib/thumb/v7-m/nofp/crt0.o
LOAD ./Core/Src/fsm_automatic.o
LOAD ./Core/Src/fsm_manual.o
LOAD ./Core/Src/global.o
LOAD ./Core/Src/input_processing.o
LOAD ./Core/Src/input_reading.o
LOAD ./Core/Src/main.o
LOAD ./Core/Src/scheduler.o
LOAD ./Core/Src/stm32f1xx_hal_msp.o
LOAD ./Core/Src/stm32f1xx_it.o
LOAD ./Core/Src/syscalls.o
LOAD ./Core/Src/sysmem.o
LOAD ./Core/Src/system_stm32f1xx.o
LOAD ./Core/Src/timer.o
LOAD ./Core/Src/uart.o
LOAD ./Core/Startup/startup_stm32f103rbtx.o
LOAD ./Drivers/STM32F1xx_HAL_Driver/Src/stm32f1xx_hal.o
LOAD ./Drivers/STM32F1xx_HAL_Driver/Src/stm32f1xx_hal_cortex.o
LOAD ./Drivers/STM32F1xx_HAL_Driver/Src/stm32f1xx_hal_dma.o
LOAD ./Drivers/STM32F1xx_HAL_Driver/Src/stm32f1xx_hal_exti.o
LOAD ./Drivers/STM32F1xx_HAL_Driver/Src/stm32f1xx_hal_flash.o
LOAD ./Drivers/STM32F1xx_HAL_Driver/Src/stm32f1xx_hal_flash_ex.o
LOAD ./Drivers/STM32F1xx_HAL_Driver/Src/stm32f1xx_hal_gpio.o
LOAD ./Drivers/STM32F1xx_HAL_Driver/Src/stm32f1xx_hal_gpio_ex.o
LOAD ./Drivers/STM32F1xx_HAL_Driver/Src/stm32f1xx_hal_pwr.o
LOAD ./Drivers/STM32F1xx_HAL_Driver/Src/stm32f1xx_hal_rcc.o
LOAD ./Drivers/STM32F1xx_HAL_Driver/Src/stm32f1xx_hal_rcc_ex.o
LOAD ./Drivers/STM32F1xx_HAL_Driver/Src/stm32f1xx_hal_tim.o
LOAD ./Drivers/STM32F1xx_HAL_Driver/Src/stm32f1xx_hal_tim_ex.o
LOAD ./Drivers/STM32F1xx_HAL_Driver/Src/stm32f1xx_hal_uart.o
START GROUP
LOAD c:/st/stm32cubeide_1.7.0/stm32cubeide/plugins/com.st.stm32cube.ide.mcu.externaltools.gnu-tools-for-stm32.9-2020-q2-update.win32_2.0.0.202105311346/tools/bin/../lib/gcc/arm-none-eabi/9.3.1/../../../../arm-none-eabi/lib/thumb/v7-m/nofp\libc_nano.a
LOAD c:/st/stm32cubeide_1.7.0/stm32cubeide/plugins/com.st.stm32cube.ide.mcu.externaltools.gnu-tools-for-stm32.9-2020-q2-update.win32_2.0.0.202105311346/tools/bin/../lib/gcc/arm-none-eabi/9.3.1/../../../../arm-none-eabi/lib/thumb/v7-m/nofp\libm.a
END GROUP
START GROUP
LOAD c:/st/stm32cubeide_1.7.0/stm32cubeide/plugins/com.st.stm32cube.ide.mcu.externaltools.gnu-tools-for-stm32.9-2020-q2-update.win32_2.0.0.202105311346/tools/bin/../lib/gcc/arm-none-eabi/9.3.1/thumb/v7-m/nofp\libgcc.a
LOAD c:/st/stm32cubeide_1.7.0/stm32cubeide/plugins/com.st.stm32cube.ide.mcu.externaltools.gnu-tools-for-stm32.9-2020-q2-update.win32_2.0.0.202105311346/tools/bin/../lib/gcc/arm-none-eabi/9.3.1/../../../../arm-none-eabi/lib/thumb/v7-m/nofp\libc_nano.a
END GROUP
START GROUP
LOAD c:/st/stm32cubeide_1.7.0/stm32cubeide/plugins/com.st.stm32cube.ide.mcu.externaltools.gnu-tools-for-stm32.9-2020-q2-update.win32_2.0.0.202105311346/tools/bin/../lib/gcc/arm-none-eabi/9.3.1/thumb/v7-m/nofp\libgcc.a
LOAD c:/st/stm32cubeide_1.7.0/stm32cubeide/plugins/com.st.stm32cube.ide.mcu.externaltools.gnu-tools-for-stm32.9-2020-q2-update.win32_2.0.0.202105311346/tools/bin/../lib/gcc/arm-none-eabi/9.3.1/../../../../arm-none-eabi/lib/thumb/v7-m/nofp\libc_nano.a
LOAD c:/st/stm32cubeide_1.7.0/stm32cubeide/plugins/com.st.stm32cube.ide.mcu.externaltools.gnu-tools-for-stm32.9-2020-q2-update.win32_2.0.0.202105311346/tools/bin/../lib/gcc/arm-none-eabi/9.3.1/../../../../arm-none-eabi/lib/thumb/v7-m/nofp\libnosys.a
END GROUP
START GROUP
LOAD c:/st/stm32cubeide_1.7.0/stm32cubeide/plugins/com.st.stm32cube.ide.mcu.externaltools.gnu-tools-for-stm32.9-2020-q2-update.win32_2.0.0.202105311346/tools/bin/../lib/gcc/arm-none-eabi/9.3.1/thumb/v7-m/nofp\libgcc.a
LOAD c:/st/stm32cubeide_1.7.0/stm32cubeide/plugins/com.st.stm32cube.ide.mcu.externaltools.gnu-tools-for-stm32.9-2020-q2-update.win32_2.0.0.202105311346/tools/bin/../lib/gcc/arm-none-eabi/9.3.1/../../../../arm-none-eabi/lib/thumb/v7-m/nofp\libc_nano.a
LOAD c:/st/stm32cubeide_1.7.0/stm32cubeide/plugins/com.st.stm32cube.ide.mcu.externaltools.gnu-tools-for-stm32.9-2020-q2-update.win32_2.0.0.202105311346/tools/bin/../lib/gcc/arm-none-eabi/9.3.1/../../../../arm-none-eabi/lib/thumb/v7-m/nofp\libnosys.a
END GROUP
LOAD c:/st/stm32cubeide_1.7.0/stm32cubeide/plugins/com.st.stm32cube.ide.mcu.externaltools.gnu-tools-for-stm32.9-2020-q2-update.win32_2.0.0.202105311346/tools/bin/../lib/gcc/arm-none-eabi/9.3.1/thumb/v7-m/nofp/crtend.o
LOAD c:/st/stm32cubeide_1.7.0/stm32cubeide/plugins/com.st.stm32cube.ide.mcu.externaltools.gnu-tools-for-stm32.9-2020-q2-update.win32_2.0.0.202105311346/tools/bin/../lib/gcc/arm-none-eabi/9.3.1/thumb/v7-m/nofp/crtn.o
                0x0000000020005000                _estack = (ORIGIN (RAM) + LENGTH (RAM))
                0x0000000000000200                _Min_Heap_Size = 0x200
                0x0000000000000400                _Min_Stack_Size = 0x400

.isr_vector     0x0000000008000000      0x10c
                0x0000000008000000                . = ALIGN (0x4)
 *(.isr_vector)
 .isr_vector    0x0000000008000000      0x10c ./Core/Startup/startup_stm32f103rbtx.o
                0x0000000008000000                g_pfnVectors
                0x000000000800010c                . = ALIGN (0x4)

.text           0x000000000800010c     0x3e50
                0x000000000800010c                . = ALIGN (0x4)
 *(.text)
 .text          0x000000000800010c       0x40 c:/st/stm32cubeide_1.7.0/stm32cubeide/plugins/com.st.stm32cube.ide.mcu.externaltools.gnu-tools-for-stm32.9-2020-q2-update.win32_2.0.0.202105311346/tools/bin/../lib/gcc/arm-none-eabi/9.3.1/thumb/v7-m/nofp/crtbegin.o
 *(.text*)
 .text.fsm_automatic
                0x000000000800014c      0x238 ./Core/Src/fsm_automatic.o
                0x000000000800014c                fsm_automatic
 .text.fsm_red_manual
                0x0000000008000384       0x88 ./Core/Src/fsm_manual.o
                0x0000000008000384                fsm_red_manual
 .text.fsm_amber_manual
                0x000000000800040c       0x88 ./Core/Src/fsm_manual.o
                0x000000000800040c                fsm_amber_manual
 .text.fsm_green_manual
                0x0000000008000494       0x88 ./Core/Src/fsm_manual.o
                0x0000000008000494                fsm_green_manual
 .text.led_config
                0x000000000800051c       0xb8 ./Core/Src/global.o
                0x000000000800051c                led_config
 .text.pedestrian_led_config
                0x00000000080005d4       0xcc ./Core/Src/global.o
                0x00000000080005d4                pedestrian_led_config
 .text.off_all_leds_road_1
                0x00000000080006a0       0x28 ./Core/Src/global.o
                0x00000000080006a0                off_all_leds_road_1
 .text.off_all_leds_road_2
                0x00000000080006c8       0x20 ./Core/Src/global.o
                0x00000000080006c8                off_all_leds_road_2
 .text.on_red_road_1
                0x00000000080006e8       0x28 ./Core/Src/global.o
                0x00000000080006e8                on_red_road_1
 .text.on_red_road_2
                0x0000000008000710       0x20 ./Core/Src/global.o
                0x0000000008000710                on_red_road_2
 .text.on_amber_road_1
                0x0000000008000730       0x28 ./Core/Src/global.o
                0x0000000008000730                on_amber_road_1
 .text.on_amber_road_2
                0x0000000008000758       0x20 ./Core/Src/global.o
                0x0000000008000758                on_amber_road_2
 .text.on_green_road_1
                0x0000000008000778       0x28 ./Core/Src/global.o
                0x0000000008000778                on_green_road_1
 .text.on_green_road_2
                0x00000000080007a0       0x20 ./Core/Src/global.o
                0x00000000080007a0                on_green_road_2
 .text.toggle_red
                0x00000000080007c0       0x34 ./Core/Src/global.o
                0x00000000080007c0                toggle_red
 .text.toggle_amber
                0x00000000080007f4       0x34 ./Core/Src/global.o
                0x00000000080007f4                toggle_amber
 .text.toggle_green
                0x0000000008000828       0x34 ./Core/Src/global.o
                0x0000000008000828                toggle_green
 .text.off_pedestrian
                0x000000000800085c       0x28 ./Core/Src/global.o
                0x000000000800085c                off_pedestrian
 .text.on_red_pedestrian
                0x0000000008000884       0x28 ./Core/Src/global.o
                0x0000000008000884                on_red_pedestrian
 .text.on_green_pedestrian
                0x00000000080008ac       0x28 ./Core/Src/global.o
                0x00000000080008ac                on_green_pedestrian
 .text.pedestrian_buzzer_config
                0x00000000080008d4       0xe0 ./Core/Src/global.o
                0x00000000080008d4                pedestrian_buzzer_config
 .text.set_buzzer
                0x00000000080009b4       0x50 ./Core/Src/global.o
                0x00000000080009b4                set_buzzer
 .text.fsm_button_processing
                0x0000000008000a04        0xc ./Core/Src/input_processing.o
                0x0000000008000a04                fsm_button_processing
 .text.button_reading
                0x0000000008000a10       0xec ./Core/Src/input_reading.o
                0x0000000008000a10                button_reading
 .text.buzzer   0x0000000008000afc       0x20 ./Core/Src/main.o
                0x0000000008000afc                buzzer
 .text.main     0x0000000008000b1c       0xa8 ./Core/Src/main.o
                0x0000000008000b1c                main
 .text.SystemClock_Config
                0x0000000008000bc4       0x80 ./Core/Src/main.o
                0x0000000008000bc4                SystemClock_Config
 .text.MX_TIM2_Init
                0x0000000008000c44       0x98 ./Core/Src/main.o
 .text.MX_TIM3_Init
                0x0000000008000cdc       0xec ./Core/Src/main.o
 .text.MX_USART2_UART_Init
                0x0000000008000dc8       0x54 ./Core/Src/main.o
 .text.MX_GPIO_Init
                0x0000000008000e1c       0xdc ./Core/Src/main.o
 .text.HAL_TIM_PeriodElapsedCallback
                0x0000000008000ef8       0x14 ./Core/Src/main.o
                0x0000000008000ef8                HAL_TIM_PeriodElapsedCallback
 .text.Error_Handler
                0x0000000008000f0c        0xa ./Core/Src/main.o
                0x0000000008000f0c                Error_Handler
 .text.SCH_Update
                0x0000000008000f16        0xc ./Core/Src/scheduler.o
                0x0000000008000f16                SCH_Update
 .text.SCH_Add_Task
                0x0000000008000f22       0x18 ./Core/Src/scheduler.o
                0x0000000008000f22                SCH_Add_Task
 .text.SCH_Dispatch_Tasks
                0x0000000008000f3a        0xc ./Core/Src/scheduler.o
                0x0000000008000f3a                SCH_Dispatch_Tasks
 *fill*         0x0000000008000f46        0x2 
 .text.HAL_MspInit
                0x0000000008000f48       0x64 ./Core/Src/stm32f1xx_hal_msp.o
                0x0000000008000f48                HAL_MspInit
 .text.HAL_TIM_Base_MspInit
                0x0000000008000fac       0x80 ./Core/Src/stm32f1xx_hal_msp.o
                0x0000000008000fac                HAL_TIM_Base_MspInit
 .text.HAL_TIM_MspPostInit
                0x000000000800102c       0x64 ./Core/Src/stm32f1xx_hal_msp.o
                0x000000000800102c                HAL_TIM_MspPostInit
 .text.HAL_UART_MspInit
                0x0000000008001090       0xa4 ./Core/Src/stm32f1xx_hal_msp.o
                0x0000000008001090                HAL_UART_MspInit
 .text.NMI_Handler
                0x0000000008001134        0x6 ./Core/Src/stm32f1xx_it.o
                0x0000000008001134                NMI_Handler
 .text.HardFault_Handler
                0x000000000800113a        0x6 ./Core/Src/stm32f1xx_it.o
                0x000000000800113a                HardFault_Handler
 .text.MemManage_Handler
                0x0000000008001140        0x6 ./Core/Src/stm32f1xx_it.o
                0x0000000008001140                MemManage_Handler
 .text.BusFault_Handler
                0x0000000008001146        0x6 ./Core/Src/stm32f1xx_it.o
                0x0000000008001146                BusFault_Handler
 .text.UsageFault_Handler
                0x000000000800114c        0x6 ./Core/Src/stm32f1xx_it.o
                0x000000000800114c                UsageFault_Handler
 .text.SVC_Handler
                0x0000000008001152        0xc ./Core/Src/stm32f1xx_it.o
                0x0000000008001152                SVC_Handler
 .text.DebugMon_Handler
                0x000000000800115e        0xc ./Core/Src/stm32f1xx_it.o
                0x000000000800115e                DebugMon_Handler
 .text.PendSV_Handler
                0x000000000800116a        0xc ./Core/Src/stm32f1xx_it.o
                0x000000000800116a                PendSV_Handler
 .text.SysTick_Handler
                0x0000000008001176        0xc ./Core/Src/stm32f1xx_it.o
                0x0000000008001176                SysTick_Handler
 *fill*         0x0000000008001182        0x2 
 .text.TIM2_IRQHandler
                0x0000000008001184       0x14 ./Core/Src/stm32f1xx_it.o
                0x0000000008001184                TIM2_IRQHandler
 .text.TIM3_IRQHandler
                0x0000000008001198       0x14 ./Core/Src/stm32f1xx_it.o
                0x0000000008001198                TIM3_IRQHandler
 .text.USART2_IRQHandler
                0x00000000080011ac       0x14 ./Core/Src/stm32f1xx_it.o
                0x00000000080011ac                USART2_IRQHandler
 .text.SystemInit
                0x00000000080011c0        0xc ./Core/Src/system_stm32f1xx.o
                0x00000000080011c0                SystemInit
 .text.setTimer1
                0x00000000080011cc       0x34 ./Core/Src/timer.o
                0x00000000080011cc                setTimer1
 .text.setTimer4
                0x0000000008001200       0x34 ./Core/Src/timer.o
                0x0000000008001200                setTimer4
 .text.setTimer6
                0x0000000008001234       0x34 ./Core/Src/timer.o
                0x0000000008001234                setTimer6
 .text.timer_run
                0x0000000008001268      0x124 ./Core/Src/timer.o
                0x0000000008001268                timer_run
 .text.disp_t_red_uart
                0x000000000800138c        0xc ./Core/Src/uart.o
                0x000000000800138c                disp_t_red_uart
 .text.disp_t_amber_uart
                0x0000000008001398        0xc ./Core/Src/uart.o
                0x0000000008001398                disp_t_amber_uart
 .text.disp_t_green_uart
                0x00000000080013a4        0xc ./Core/Src/uart.o
                0x00000000080013a4                disp_t_green_uart
 .text.disp_time_uart
                0x00000000080013b0       0x14 ./Core/Src/uart.o
                0x00000000080013b0                disp_time_uart
 .text.Reset_Handler
                0x00000000080013c4       0x48 ./Core/Startup/startup_stm32f103rbtx.o
                0x00000000080013c4                Reset_Handler
 .text.Default_Handler
                0x000000000800140c        0x2 ./Core/Startup/startup_stm32f103rbtx.o
                0x000000000800140c                RTC_Alarm_IRQHandler
                0x000000000800140c                EXTI2_IRQHandler
                0x000000000800140c                TIM1_CC_IRQHandler
                0x000000000800140c                PVD_IRQHandler
                0x000000000800140c                EXTI3_IRQHandler
                0x000000000800140c                EXTI0_IRQHandler
                0x000000000800140c                I2C2_EV_IRQHandler
                0x000000000800140c                ADC1_2_IRQHandler
                0x000000000800140c                SPI1_IRQHandler
                0x000000000800140c                TAMPER_IRQHandler
                0x000000000800140c                DMA1_Channel4_IRQHandler
                0x000000000800140c                USART3_IRQHandler
                0x000000000800140c                RTC_IRQHandler
                0x000000000800140c                DMA1_Channel7_IRQHandler
                0x000000000800140c                CAN1_RX1_IRQHandler
                0x000000000800140c                TIM4_IRQHandler
                0x000000000800140c                I2C1_EV_IRQHandler
                0x000000000800140c                DMA1_Channel6_IRQHandler
                0x000000000800140c                RCC_IRQHandler
                0x000000000800140c                TIM1_TRG_COM_IRQHandler
                0x000000000800140c                DMA1_Channel1_IRQHandler
                0x000000000800140c                Default_Handler
                0x000000000800140c                EXTI15_10_IRQHandler
                0x000000000800140c                EXTI9_5_IRQHandler
                0x000000000800140c                SPI2_IRQHandler
                0x000000000800140c                DMA1_Channel5_IRQHandler
                0x000000000800140c                EXTI4_IRQHandler
                0x000000000800140c                USB_LP_CAN1_RX0_IRQHandler
                0x000000000800140c                USB_HP_CAN1_TX_IRQHandler
                0x000000000800140c                DMA1_Channel3_IRQHandler
                0x000000000800140c                TIM1_UP_IRQHandler
                0x000000000800140c                WWDG_IRQHandler
                0x000000000800140c                TIM1_BRK_IRQHandler
                0x000000000800140c                EXTI1_IRQHandler
                0x000000000800140c                I2C2_ER_IRQHandler
                0x000000000800140c                DMA1_Channel2_IRQHandler
                0x000000000800140c                CAN1_SCE_IRQHandler
                0x000000000800140c                FLASH_IRQHandler
                0x000000000800140c                USART1_IRQHandler
                0x000000000800140c                I2C1_ER_IRQHandler
                0x000000000800140c                USBWakeUp_IRQHandler
 *fill*         0x000000000800140e        0x2 
 .text.HAL_Init
                0x0000000008001410       0x2c ./Drivers/STM32F1xx_HAL_Driver/Src/stm32f1xx_hal.o
                0x0000000008001410                HAL_Init
 .text.HAL_InitTick
                0x000000000800143c       0x60 ./Drivers/STM32F1xx_HAL_Driver/Src/stm32f1xx_hal.o
                0x000000000800143c                HAL_InitTick
 .text.HAL_IncTick
                0x000000000800149c       0x24 ./Drivers/STM32F1xx_HAL_Driver/Src/stm32f1xx_hal.o
                0x000000000800149c                HAL_IncTick
 .text.HAL_GetTick
                0x00000000080014c0       0x14 ./Drivers/STM32F1xx_HAL_Driver/Src/stm32f1xx_hal.o
                0x00000000080014c0                HAL_GetTick
 .text.__NVIC_SetPriorityGrouping
                0x00000000080014d4       0x48 ./Drivers/STM32F1xx_HAL_Driver/Src/stm32f1xx_hal_cortex.o
 .text.__NVIC_GetPriorityGrouping
                0x000000000800151c       0x1c ./Drivers/STM32F1xx_HAL_Driver/Src/stm32f1xx_hal_cortex.o
 .text.__NVIC_EnableIRQ
                0x0000000008001538       0x38 ./Drivers/STM32F1xx_HAL_Driver/Src/stm32f1xx_hal_cortex.o
 .text.__NVIC_SetPriority
                0x0000000008001570       0x54 ./Drivers/STM32F1xx_HAL_Driver/Src/stm32f1xx_hal_cortex.o
 .text.NVIC_EncodePriority
                0x00000000080015c4       0x64 ./Drivers/STM32F1xx_HAL_Driver/Src/stm32f1xx_hal_cortex.o
 .text.SysTick_Config
                0x0000000008001628       0x44 ./Drivers/STM32F1xx_HAL_Driver/Src/stm32f1xx_hal_cortex.o
 .text.HAL_NVIC_SetPriorityGrouping
                0x000000000800166c       0x16 ./Drivers/STM32F1xx_HAL_Driver/Src/stm32f1xx_hal_cortex.o
                0x000000000800166c                HAL_NVIC_SetPriorityGrouping
 .text.HAL_NVIC_SetPriority
                0x0000000008001682       0x38 ./Drivers/STM32F1xx_HAL_Driver/Src/stm32f1xx_hal_cortex.o
                0x0000000008001682                HAL_NVIC_SetPriority
 .text.HAL_NVIC_EnableIRQ
                0x00000000080016ba       0x1c ./Drivers/STM32F1xx_HAL_Driver/Src/stm32f1xx_hal_cortex.o
                0x00000000080016ba                HAL_NVIC_EnableIRQ
 .text.HAL_SYSTICK_Config
                0x00000000080016d6       0x18 ./Drivers/STM32F1xx_HAL_Driver/Src/stm32f1xx_hal_cortex.o
                0x00000000080016d6                HAL_SYSTICK_Config
 .text.HAL_DMA_Abort
                0x00000000080016ee       0x76 ./Drivers/STM32F1xx_HAL_Driver/Src/stm32f1xx_hal_dma.o
                0x00000000080016ee                HAL_DMA_Abort
 .text.HAL_DMA_Abort_IT
                0x0000000008001764       0xf0 ./Drivers/STM32F1xx_HAL_Driver/Src/stm32f1xx_hal_dma.o
                0x0000000008001764                HAL_DMA_Abort_IT
 .text.HAL_GPIO_Init
                0x0000000008001854      0x308 ./Drivers/STM32F1xx_HAL_Driver/Src/stm32f1xx_hal_gpio.o
                0x0000000008001854                HAL_GPIO_Init
 .text.HAL_GPIO_ReadPin
                0x0000000008001b5c       0x2e ./Drivers/STM32F1xx_HAL_Driver/Src/stm32f1xx_hal_gpio.o
                0x0000000008001b5c                HAL_GPIO_ReadPin
 .text.HAL_GPIO_WritePin
                0x0000000008001b8a       0x30 ./Drivers/STM32F1xx_HAL_Driver/Src/stm32f1xx_hal_gpio.o
                0x0000000008001b8a                HAL_GPIO_WritePin
 *fill*         0x0000000008001bba        0x2 
 .text.HAL_RCC_OscConfig
                0x0000000008001bbc      0x500 ./Drivers/STM32F1xx_HAL_Driver/Src/stm32f1xx_hal_rcc.o
                0x0000000008001bbc                HAL_RCC_OscConfig
 .text.HAL_RCC_ClockConfig
                0x00000000080020bc      0x1d4 ./Drivers/STM32F1xx_HAL_Driver/Src/stm32f1xx_hal_rcc.o
                0x00000000080020bc                HAL_RCC_ClockConfig
 .text.HAL_RCC_GetSysClockFreq
                0x0000000008002290       0xa8 ./Drivers/STM32F1xx_HAL_Driver/Src/stm32f1xx_hal_rcc.o
                0x0000000008002290                HAL_RCC_GetSysClockFreq
 .text.HAL_RCC_GetHCLKFreq
                0x0000000008002338       0x14 ./Drivers/STM32F1xx_HAL_Driver/Src/stm32f1xx_hal_rcc.o
                0x0000000008002338                HAL_RCC_GetHCLKFreq
 .text.HAL_RCC_GetPCLK1Freq
                0x000000000800234c       0x28 ./Drivers/STM32F1xx_HAL_Driver/Src/stm32f1xx_hal_rcc.o
                0x000000000800234c                HAL_RCC_GetPCLK1Freq
 .text.HAL_RCC_GetPCLK2Freq
                0x0000000008002374       0x28 ./Drivers/STM32F1xx_HAL_Driver/Src/stm32f1xx_hal_rcc.o
                0x0000000008002374                HAL_RCC_GetPCLK2Freq
 .text.RCC_Delay
                0x000000000800239c       0x3c ./Drivers/STM32F1xx_HAL_Driver/Src/stm32f1xx_hal_rcc.o
 .text.HAL_TIM_Base_Init
                0x00000000080023d8       0x9e ./Drivers/STM32F1xx_HAL_Driver/Src/stm32f1xx_hal_tim.o
                0x00000000080023d8                HAL_TIM_Base_Init
 *fill*         0x0000000008002476        0x2 
 .text.HAL_TIM_Base_Start_IT
                0x0000000008002478       0xa4 ./Drivers/STM32F1xx_HAL_Driver/Src/stm32f1xx_hal_tim.o
                0x0000000008002478                HAL_TIM_Base_Start_IT
 .text.HAL_TIM_PWM_Init
                0x000000000800251c       0x9e ./Drivers/STM32F1xx_HAL_Driver/Src/stm32f1xx_hal_tim.o
                0x000000000800251c                HAL_TIM_PWM_Init
 .text.HAL_TIM_PWM_MspInit
                0x00000000080025ba       0x12 ./Drivers/STM32F1xx_HAL_Driver/Src/stm32f1xx_hal_tim.o
                0x00000000080025ba                HAL_TIM_PWM_MspInit
 .text.HAL_TIM_PWM_Start
                0x00000000080025cc      0x144 ./Drivers/STM32F1xx_HAL_Driver/Src/stm32f1xx_hal_tim.o
                0x00000000080025cc                HAL_TIM_PWM_Start
 .text.HAL_TIM_IRQHandler
                0x0000000008002710      0x210 ./Drivers/STM32F1xx_HAL_Driver/Src/stm32f1xx_hal_tim.o
                0x0000000008002710                HAL_TIM_IRQHandler
 .text.HAL_TIM_PWM_ConfigChannel
                0x0000000008002920      0x184 ./Drivers/STM32F1xx_HAL_Driver/Src/stm32f1xx_hal_tim.o
                0x0000000008002920                HAL_TIM_PWM_ConfigChannel
 .text.HAL_TIM_ConfigClockSource
                0x0000000008002aa4      0x18e ./Drivers/STM32F1xx_HAL_Driver/Src/stm32f1xx_hal_tim.o
                0x0000000008002aa4                HAL_TIM_ConfigClockSource
 .text.HAL_TIM_OC_DelayElapsedCallback
                0x0000000008002c32       0x12 ./Drivers/STM32F1xx_HAL_Driver/Src/stm32f1xx_hal_tim.o
                0x0000000008002c32                HAL_TIM_OC_DelayElapsedCallback
 .text.HAL_TIM_IC_CaptureCallback
                0x0000000008002c44       0x12 ./Drivers/STM32F1xx_HAL_Driver/Src/stm32f1xx_hal_tim.o
                0x0000000008002c44                HAL_TIM_IC_CaptureCallback
 .text.HAL_TIM_PWM_PulseFinishedCallback
                0x0000000008002c56       0x12 ./Drivers/STM32F1xx_HAL_Driver/Src/stm32f1xx_hal_tim.o
                0x0000000008002c56                HAL_TIM_PWM_PulseFinishedCallback
 .text.HAL_TIM_TriggerCallback
                0x0000000008002c68       0x12 ./Drivers/STM32F1xx_HAL_Driver/Src/stm32f1xx_hal_tim.o
                0x0000000008002c68                HAL_TIM_TriggerCallback
 *fill*         0x0000000008002c7a        0x2 
 .text.TIM_Base_SetConfig
                0x0000000008002c7c       0xc4 ./Drivers/STM32F1xx_HAL_Driver/Src/stm32f1xx_hal_tim.o
                0x0000000008002c7c                TIM_Base_SetConfig
 .text.TIM_OC1_SetConfig
                0x0000000008002d40       0xcc ./Drivers/STM32F1xx_HAL_Driver/Src/stm32f1xx_hal_tim.o
 .text.TIM_OC2_SetConfig
                0x0000000008002e0c       0xd4 ./Drivers/STM32F1xx_HAL_Driver/Src/stm32f1xx_hal_tim.o
                0x0000000008002e0c                TIM_OC2_SetConfig
 .text.TIM_OC3_SetConfig
                0x0000000008002ee0       0xd4 ./Drivers/STM32F1xx_HAL_Driver/Src/stm32f1xx_hal_tim.o
 .text.TIM_OC4_SetConfig
                0x0000000008002fb4       0x9c ./Drivers/STM32F1xx_HAL_Driver/Src/stm32f1xx_hal_tim.o
 .text.TIM_TI1_ConfigInputStage
                0x0000000008003050       0x5c ./Drivers/STM32F1xx_HAL_Driver/Src/stm32f1xx_hal_tim.o
 .text.TIM_TI2_ConfigInputStage
                0x00000000080030ac       0x5e ./Drivers/STM32F1xx_HAL_Driver/Src/stm32f1xx_hal_tim.o
 .text.TIM_ITRx_SetConfig
                0x000000000800310a       0x34 ./Drivers/STM32F1xx_HAL_Driver/Src/stm32f1xx_hal_tim.o
 .text.TIM_ETR_SetConfig
                0x000000000800313e       0x3e ./Drivers/STM32F1xx_HAL_Driver/Src/stm32f1xx_hal_tim.o
                0x000000000800313e                TIM_ETR_SetConfig
 .text.TIM_CCxChannelCmd
                0x000000000800317c       0x48 ./Drivers/STM32F1xx_HAL_Driver/Src/stm32f1xx_hal_tim.o
                0x000000000800317c                TIM_CCxChannelCmd
 .text.HAL_TIMEx_MasterConfigSynchronization
                0x00000000080031c4       0xbc ./Drivers/STM32F1xx_HAL_Driver/Src/stm32f1xx_hal_tim_ex.o
                0x00000000080031c4                HAL_TIMEx_MasterConfigSynchronization
 .text.HAL_TIMEx_CommutCallback
                0x0000000008003280       0x12 ./Drivers/STM32F1xx_HAL_Driver/Src/stm32f1xx_hal_tim_ex.o
                0x0000000008003280                HAL_TIMEx_CommutCallback
 .text.HAL_TIMEx_BreakCallback
                0x0000000008003292       0x12 ./Drivers/STM32F1xx_HAL_Driver/Src/stm32f1xx_hal_tim_ex.o
                0x0000000008003292                HAL_TIMEx_BreakCallback
 .text.HAL_UART_Init
                0x00000000080032a4       0xa0 ./Drivers/STM32F1xx_HAL_Driver/Src/stm32f1xx_hal_uart.o
                0x00000000080032a4                HAL_UART_Init
 .text.HAL_UART_Transmit
                0x0000000008003344      0x106 ./Drivers/STM32F1xx_HAL_Driver/Src/stm32f1xx_hal_uart.o
                0x0000000008003344                HAL_UART_Transmit
 *fill*         0x000000000800344a        0x2 
 .text.HAL_UART_IRQHandler
                0x000000000800344c      0x524 ./Drivers/STM32F1xx_HAL_Driver/Src/stm32f1xx_hal_uart.o
                0x000000000800344c                HAL_UART_IRQHandler
 .text.HAL_UART_TxCpltCallback
                0x0000000008003970       0x12 ./Drivers/STM32F1xx_HAL_Driver/Src/stm32f1xx_hal_uart.o
                0x0000000008003970                HAL_UART_TxCpltCallback
 .text.HAL_UART_RxCpltCallback
                0x0000000008003982       0x12 ./Drivers/STM32F1xx_HAL_Driver/Src/stm32f1xx_hal_uart.o
                0x0000000008003982                HAL_UART_RxCpltCallback
 .text.HAL_UART_ErrorCallback
                0x0000000008003994       0x12 ./Drivers/STM32F1xx_HAL_Driver/Src/stm32f1xx_hal_uart.o
                0x0000000008003994                HAL_UART_ErrorCallback
 .text.HAL_UARTEx_RxEventCallback
                0x00000000080039a6       0x16 ./Drivers/STM32F1xx_HAL_Driver/Src/stm32f1xx_hal_uart.o
                0x00000000080039a6                HAL_UARTEx_RxEventCallback
 .text.UART_WaitOnFlagUntilTimeout
                0x00000000080039bc       0xdc ./Drivers/STM32F1xx_HAL_Driver/Src/stm32f1xx_hal_uart.o
 .text.UART_EndRxTransfer
                0x0000000008003a98       0xc4 ./Drivers/STM32F1xx_HAL_Driver/Src/stm32f1xx_hal_uart.o
 .text.UART_DMAAbortOnError
                0x0000000008003b5c       0x28 ./Drivers/STM32F1xx_HAL_Driver/Src/stm32f1xx_hal_uart.o
 .text.UART_Transmit_IT
                0x0000000008003b84       0x9e ./Drivers/STM32F1xx_HAL_Driver/Src/stm32f1xx_hal_uart.o
 .text.UART_EndTransmit_IT
                0x0000000008003c22       0x30 ./Drivers/STM32F1xx_HAL_Driver/Src/stm32f1xx_hal_uart.o
 .text.UART_Receive_IT
                0x0000000008003c52      0x17c ./Drivers/STM32F1xx_HAL_Driver/Src/stm32f1xx_hal_uart.o
 *fill*         0x0000000008003dce        0x2 
 .text.UART_SetConfig
                0x0000000008003dd0      0x11c ./Drivers/STM32F1xx_HAL_Driver/Src/stm32f1xx_hal_uart.o
 .text.__libc_init_array
                0x0000000008003eec       0x48 c:/st/stm32cubeide_1.7.0/stm32cubeide/plugins/com.st.stm32cube.ide.mcu.externaltools.gnu-tools-for-stm32.9-2020-q2-update.win32_2.0.0.202105311346/tools/bin/../lib/gcc/arm-none-eabi/9.3.1/../../../../arm-none-eabi/lib/thumb/v7-m/nofp\libc_nano.a(lib_a-init.o)
                0x0000000008003eec                __libc_init_array
 .text.memset   0x0000000008003f34       0x10 c:/st/stm32cubeide_1.7.0/stm32cubeide/plugins/com.st.stm32cube.ide.mcu.externaltools.gnu-tools-for-stm32.9-2020-q2-update.win32_2.0.0.202105311346/tools/bin/../lib/gcc/arm-none-eabi/9.3.1/../../../../arm-none-eabi/lib/thumb/v7-m/nofp\libc_nano.a(lib_a-memset.o)
                0x0000000008003f34                memset
 *(.glue_7)
 .glue_7        0x0000000008003f44        0x0 linker stubs
 *(.glue_7t)
 .glue_7t       0x0000000008003f44        0x0 linker stubs
 *(.eh_frame)
 .eh_frame      0x0000000008003f44        0x0 c:/st/stm32cubeide_1.7.0/stm32cubeide/plugins/com.st.stm32cube.ide.mcu.externaltools.gnu-tools-for-stm32.9-2020-q2-update.win32_2.0.0.202105311346/tools/bin/../lib/gcc/arm-none-eabi/9.3.1/thumb/v7-m/nofp/crtbegin.o
 *(.init)
 .init          0x0000000008003f44        0x4 c:/st/stm32cubeide_1.7.0/stm32cubeide/plugins/com.st.stm32cube.ide.mcu.externaltools.gnu-tools-for-stm32.9-2020-q2-update.win32_2.0.0.202105311346/tools/bin/../lib/gcc/arm-none-eabi/9.3.1/thumb/v7-m/nofp/crti.o
                0x0000000008003f44                _init
 .init          0x0000000008003f48        0x8 c:/st/stm32cubeide_1.7.0/stm32cubeide/plugins/com.st.stm32cube.ide.mcu.externaltools.gnu-tools-for-stm32.9-2020-q2-update.win32_2.0.0.202105311346/tools/bin/../lib/gcc/arm-none-eabi/9.3.1/thumb/v7-m/nofp/crtn.o
 *(.fini)
 .fini          0x0000000008003f50        0x4 c:/st/stm32cubeide_1.7.0/stm32cubeide/plugins/com.st.stm32cube.ide.mcu.externaltools.gnu-tools-for-stm32.9-2020-q2-update.win32_2.0.0.202105311346/tools/bin/../lib/gcc/arm-none-eabi/9.3.1/thumb/v7-m/nofp/crti.o
                0x0000000008003f50                _fini
 .fini          0x0000000008003f54        0x8 c:/st/stm32cubeide_1.7.0/stm32cubeide/plugins/com.st.stm32cube.ide.mcu.externaltools.gnu-tools-for-stm32.9-2020-q2-update.win32_2.0.0.202105311346/tools/bin/../lib/gcc/arm-none-eabi/9.3.1/thumb/v7-m/nofp/crtn.o
                0x0000000008003f5c                . = ALIGN (0x4)
                0x0000000008003f5c                _etext = .

.vfp11_veneer   0x0000000008003f5c        0x0
 .vfp11_veneer  0x0000000008003f5c        0x0 linker stubs

.v4_bx          0x0000000008003f5c        0x0
 .v4_bx         0x0000000008003f5c        0x0 linker stubs

.iplt           0x0000000008003f5c        0x0
 .iplt          0x0000000008003f5c        0x0 c:/st/stm32cubeide_1.7.0/stm32cubeide/plugins/com.st.stm32cube.ide.mcu.externaltools.gnu-tools-for-stm32.9-2020-q2-update.win32_2.0.0.202105311346/tools/bin/../lib/gcc/arm-none-eabi/9.3.1/thumb/v7-m/nofp/crtbegin.o

.rodata         0x0000000008003f5c       0x7c
                0x0000000008003f5c                . = ALIGN (0x4)
 *(.rodata)
 .rodata        0x0000000008003f5c       0x14 ./Core/Src/fsm_automatic.o
 .rodata        0x0000000008003f70       0x3c ./Core/Src/fsm_manual.o
 *(.rodata*)
 .rodata.AHBPrescTable
                0x0000000008003fac       0x10 ./Core/Src/system_stm32f1xx.o
                0x0000000008003fac                AHBPrescTable
 .rodata.APBPrescTable
                0x0000000008003fbc        0x8 ./Core/Src/system_stm32f1xx.o
                0x0000000008003fbc                APBPrescTable
 .rodata.aPLLMULFactorTable.6196
                0x0000000008003fc4       0x10 ./Drivers/STM32F1xx_HAL_Driver/Src/stm32f1xx_hal_rcc.o
 .rodata.aPredivFactorTable.6197
                0x0000000008003fd4        0x2 ./Drivers/STM32F1xx_HAL_Driver/Src/stm32f1xx_hal_rcc.o
                0x0000000008003fd8                . = ALIGN (0x4)
 *fill*         0x0000000008003fd6        0x2 

.rel.dyn        0x0000000008003fd8        0x0
 .rel.iplt      0x0000000008003fd8        0x0 c:/st/stm32cubeide_1.7.0/stm32cubeide/plugins/com.st.stm32cube.ide.mcu.externaltools.gnu-tools-for-stm32.9-2020-q2-update.win32_2.0.0.202105311346/tools/bin/../lib/gcc/arm-none-eabi/9.3.1/thumb/v7-m/nofp/crtbegin.o

.ARM.extab      0x0000000008003fd8        0x0
                0x0000000008003fd8                . = ALIGN (0x4)
 *(.ARM.extab* .gnu.linkonce.armextab.*)
                0x0000000008003fd8                . = ALIGN (0x4)

.ARM            0x0000000008003fd8        0x0
                0x0000000008003fd8                . = ALIGN (0x4)
                0x0000000008003fd8                __exidx_start = .
 *(.ARM.exidx*)
                0x0000000008003fd8                __exidx_end = .
                0x0000000008003fd8                . = ALIGN (0x4)

.preinit_array  0x0000000008003fd8        0x0
                0x0000000008003fd8                . = ALIGN (0x4)
                0x0000000008003fd8                PROVIDE (__preinit_array_start = .)
 *(.preinit_array*)
                0x0000000008003fd8                PROVIDE (__preinit_array_end = .)
                0x0000000008003fd8                . = ALIGN (0x4)

.init_array     0x0000000008003fd8        0x4
                0x0000000008003fd8                . = ALIGN (0x4)
                0x0000000008003fd8                PROVIDE (__init_array_start = .)
 *(SORT_BY_NAME(.init_array.*))
 *(.init_array*)
 .init_array    0x0000000008003fd8        0x4 c:/st/stm32cubeide_1.7.0/stm32cubeide/plugins/com.st.stm32cube.ide.mcu.externaltools.gnu-tools-for-stm32.9-2020-q2-update.win32_2.0.0.202105311346/tools/bin/../lib/gcc/arm-none-eabi/9.3.1/thumb/v7-m/nofp/crtbegin.o
                0x0000000008003fdc                PROVIDE (__init_array_end = .)
                0x0000000008003fdc                . = ALIGN (0x4)

.fini_array     0x0000000008003fdc        0x4
                0x0000000008003fdc                . = ALIGN (0x4)
                [!provide]                        PROVIDE (__fini_array_start = .)
 *(SORT_BY_NAME(.fini_array.*))
 *(.fini_array*)
 .fini_array    0x0000000008003fdc        0x4 c:/st/stm32cubeide_1.7.0/stm32cubeide/plugins/com.st.stm32cube.ide.mcu.externaltools.gnu-tools-for-stm32.9-2020-q2-update.win32_2.0.0.202105311346/tools/bin/../lib/gcc/arm-none-eabi/9.3.1/thumb/v7-m/nofp/crtbegin.o
                [!provide]                        PROVIDE (__fini_array_end = .)
                0x0000000008003fe0                . = ALIGN (0x4)
                0x0000000008003fe0                _sidata = LOADADDR (.data)

.data           0x0000000020000000       0x44 load address 0x0000000008003fe0
                0x0000000020000000                . = ALIGN (0x4)
                0x0000000020000000                _sdata = .
 *(.data)
 *(.data*)
 .data.T_RED    0x0000000020000000        0x4 ./Core/Src/global.o
                0x0000000020000000                T_RED
 .data.T_AMBER  0x0000000020000004        0x4 ./Core/Src/global.o
                0x0000000020000004                T_AMBER
 .data.T_GREEN  0x0000000020000008        0x4 ./Core/Src/global.o
                0x0000000020000008                T_GREEN
 .data.status   0x000000002000000c        0x4 ./Core/Src/global.o
                0x000000002000000c                status
 .data.curr_ped_status
                0x0000000020000010        0x1 ./Core/Src/global.o
                0x0000000020000010                curr_ped_status
 *fill*         0x0000000020000011        0x3 
 .data.buzzer_period
                0x0000000020000014        0x4 ./Core/Src/global.o
                0x0000000020000014                buzzer_period
 .data.volume   0x0000000020000018        0x4 ./Core/Src/global.o
                0x0000000020000018                volume
 .data.button_ports
                0x000000002000001c       0x10 ./Core/Src/input_reading.o
 .data.button_pins
                0x000000002000002c        0x8 ./Core/Src/input_reading.o
 .data.SystemCoreClock
                0x0000000020000034        0x4 ./Core/Src/system_stm32f1xx.o
                0x0000000020000034                SystemCoreClock
 .data.TIMER_CYCLE
                0x0000000020000038        0x4 ./Core/Src/timer.o
                0x0000000020000038                TIMER_CYCLE
 .data.uwTickPrio
                0x000000002000003c        0x4 ./Drivers/STM32F1xx_HAL_Driver/Src/stm32f1xx_hal.o
                0x000000002000003c                uwTickPrio
 .data.uwTickFreq
                0x0000000020000040        0x1 ./Drivers/STM32F1xx_HAL_Driver/Src/stm32f1xx_hal.o
                0x0000000020000040                uwTickFreq
 *(.RamFunc)
 *(.RamFunc*)
                0x0000000020000044                . = ALIGN (0x4)
 *fill*         0x0000000020000041        0x3 
                0x0000000020000044                _edata = .

.igot.plt       0x0000000020000044        0x0 load address 0x0000000008004024
 .igot.plt      0x0000000020000044        0x0 c:/st/stm32cubeide_1.7.0/stm32cubeide/plugins/com.st.stm32cube.ide.mcu.externaltools.gnu-tools-for-stm32.9-2020-q2-update.win32_2.0.0.202105311346/tools/bin/../lib/gcc/arm-none-eabi/9.3.1/thumb/v7-m/nofp/crtbegin.o
                0x0000000020000044                . = ALIGN (0x4)

.bss            0x0000000020000044      0x158 load address 0x0000000008004024
                0x0000000020000044                _sbss = .
                0x0000000020000044                __bss_start__ = _sbss
 *(.bss)
 .bss           0x0000000020000044       0x1c c:/st/stm32cubeide_1.7.0/stm32cubeide/plugins/com.st.stm32cube.ide.mcu.externaltools.gnu-tools-for-stm32.9-2020-q2-update.win32_2.0.0.202105311346/tools/bin/../lib/gcc/arm-none-eabi/9.3.1/thumb/v7-m/nofp/crtbegin.o
 *(.bss*)
 .bss.t_road_1  0x0000000020000060        0x4 ./Core/Src/fsm_automatic.o
                0x0000000020000060                t_road_1
 .bss.t_road_2  0x0000000020000064        0x4 ./Core/Src/fsm_automatic.o
                0x0000000020000064                t_road_2
 .bss.toggle_flag
                0x0000000020000068        0x4 ./Core/Src/global.o
                0x0000000020000068                toggle_flag
 .bss.buzzer_flag
                0x000000002000006c        0x4 ./Core/Src/global.o
                0x000000002000006c                buzzer_flag
 .bss.buttonBuffer
                0x0000000020000070        0x4 ./Core/Src/input_reading.o
 .bss.debounceButtonBuffer1
                0x0000000020000074        0x4 ./Core/Src/input_reading.o
 .bss.debounceButtonBuffer2
                0x0000000020000078        0x4 ./Core/Src/input_reading.o
 .bss.flagForButtonPress1s
                0x000000002000007c        0x4 ./Core/Src/input_reading.o
 .bss.counterForButtonPress1s
                0x0000000020000080        0x8 ./Core/Src/input_reading.o
 .bss.timer0_counter
                0x0000000020000088        0x4 ./Core/Src/timer.o
                0x0000000020000088                timer0_counter
 .bss.timer1_counter
                0x000000002000008c        0x4 ./Core/Src/timer.o
                0x000000002000008c                timer1_counter
 .bss.timer2_counter
                0x0000000020000090        0x4 ./Core/Src/timer.o
                0x0000000020000090                timer2_counter
 .bss.timer3_counter
                0x0000000020000094        0x4 ./Core/Src/timer.o
                0x0000000020000094                timer3_counter
 .bss.timer5_counter
                0x0000000020000098        0x4 ./Core/Src/timer.o
                0x0000000020000098                timer5_counter
 .bss.timer6_counter
                0x000000002000009c        0x4 ./Core/Src/timer.o
                0x000000002000009c                timer6_counter
 .bss.timer0_flag
                0x00000000200000a0        0x4 ./Core/Src/timer.o
                0x00000000200000a0                timer0_flag
 .bss.timer1_flag
                0x00000000200000a4        0x4 ./Core/Src/timer.o
                0x00000000200000a4                timer1_flag
 .bss.timer2_flag
                0x00000000200000a8        0x4 ./Core/Src/timer.o
                0x00000000200000a8                timer2_flag
 .bss.timer3_flag
                0x00000000200000ac        0x4 ./Core/Src/timer.o
                0x00000000200000ac                timer3_flag
 .bss.timer4_flag
                0x00000000200000b0        0x4 ./Core/Src/timer.o
                0x00000000200000b0                timer4_flag
 .bss.timer5_flag
                0x00000000200000b4        0x4 ./Core/Src/timer.o
                0x00000000200000b4                timer5_flag
 .bss.timer6_flag
                0x00000000200000b8        0x4 ./Core/Src/timer.o
                0x00000000200000b8                timer6_flag
 *(COMMON)
 COMMON         0x00000000200000bc       0xd8 ./Core/Src/main.o
                0x00000000200000bc                htim3
                0x0000000020000104                htim2
                0x000000002000014c                huart2
 COMMON         0x0000000020000194        0x4 ./Core/Src/timer.o
                0x0000000020000194                timer4_counter
 COMMON         0x0000000020000198        0x4 ./Drivers/STM32F1xx_HAL_Driver/Src/stm32f1xx_hal.o
                0x0000000020000198                uwTick
                0x000000002000019c                . = ALIGN (0x4)
                0x000000002000019c                _ebss = .
                0x000000002000019c                __bss_end__ = _ebss

._user_heap_stack
                0x000000002000019c      0x604 load address 0x0000000008004024
                0x00000000200001a0                . = ALIGN (0x8)
 *fill*         0x000000002000019c        0x4 
                [!provide]                        PROVIDE (end = .)
                0x00000000200001a0                PROVIDE (_end = .)
                0x00000000200003a0                . = (. + _Min_Heap_Size)
 *fill*         0x00000000200001a0      0x200 
                0x00000000200007a0                . = (. + _Min_Stack_Size)
 *fill*         0x00000000200003a0      0x400 
                0x00000000200007a0                . = ALIGN (0x8)

/DISCARD/
 libc.a(*)
 libm.a(*)
 libgcc.a(*)

.ARM.attributes
                0x0000000000000000       0x29
 *(.ARM.attributes)
 .ARM.attributes
                0x0000000000000000       0x1d c:/st/stm32cubeide_1.7.0/stm32cubeide/plugins/com.st.stm32cube.ide.mcu.externaltools.gnu-tools-for-stm32.9-2020-q2-update.win32_2.0.0.202105311346/tools/bin/../lib/gcc/arm-none-eabi/9.3.1/thumb/v7-m/nofp/crti.o
 .ARM.attributes
                0x000000000000001d       0x2d c:/st/stm32cubeide_1.7.0/stm32cubeide/plugins/com.st.stm32cube.ide.mcu.externaltools.gnu-tools-for-stm32.9-2020-q2-update.win32_2.0.0.202105311346/tools/bin/../lib/gcc/arm-none-eabi/9.3.1/thumb/v7-m/nofp/crtbegin.o
 .ARM.attributes
                0x000000000000004a       0x2d ./Core/Src/fsm_automatic.o
 .ARM.attributes
                0x0000000000000077       0x2d ./Core/Src/fsm_manual.o
 .ARM.attributes
                0x00000000000000a4       0x2d ./Core/Src/global.o
 .ARM.attributes
                0x00000000000000d1       0x2d ./Core/Src/input_processing.o
 .ARM.attributes
                0x00000000000000fe       0x2d ./Core/Src/input_reading.o
 .ARM.attributes
                0x000000000000012b       0x2d ./Core/Src/main.o
 .ARM.attributes
                0x0000000000000158       0x2d ./Core/Src/scheduler.o
 .ARM.attributes
                0x0000000000000185       0x2d ./Core/Src/stm32f1xx_hal_msp.o
 .ARM.attributes
                0x00000000000001b2       0x2d ./Core/Src/stm32f1xx_it.o
 .ARM.attributes
                0x00000000000001df       0x2d ./Core/Src/system_stm32f1xx.o
 .ARM.attributes
                0x000000000000020c       0x2d ./Core/Src/timer.o
 .ARM.attributes
                0x0000000000000239       0x2d ./Core/Src/uart.o
 .ARM.attributes
                0x0000000000000266       0x21 ./Core/Startup/startup_stm32f103rbtx.o
 .ARM.attributes
                0x0000000000000287       0x2d ./Drivers/STM32F1xx_HAL_Driver/Src/stm32f1xx_hal.o
 .ARM.attributes
                0x00000000000002b4       0x2d ./Drivers/STM32F1xx_HAL_Driver/Src/stm32f1xx_hal_cortex.o
 .ARM.attributes
                0x00000000000002e1       0x2d ./Drivers/STM32F1xx_HAL_Driver/Src/stm32f1xx_hal_dma.o
 .ARM.attributes
                0x000000000000030e       0x2d ./Drivers/STM32F1xx_HAL_Driver/Src/stm32f1xx_hal_gpio.o
 .ARM.attributes
                0x000000000000033b       0x2d ./Drivers/STM32F1xx_HAL_Driver/Src/stm32f1xx_hal_rcc.o
 .ARM.attributes
                0x0000000000000368       0x2d ./Drivers/STM32F1xx_HAL_Driver/Src/stm32f1xx_hal_tim.o
 .ARM.attributes
                0x0000000000000395       0x2d ./Drivers/STM32F1xx_HAL_Driver/Src/stm32f1xx_hal_tim_ex.o
 .ARM.attributes
                0x00000000000003c2       0x2d ./Drivers/STM32F1xx_HAL_Driver/Src/stm32f1xx_hal_uart.o
 .ARM.attributes
                0x00000000000003ef       0x2d c:/st/stm32cubeide_1.7.0/stm32cubeide/plugins/com.st.stm32cube.ide.mcu.externaltools.gnu-tools-for-stm32.9-2020-q2-update.win32_2.0.0.202105311346/tools/bin/../lib/gcc/arm-none-eabi/9.3.1/../../../../arm-none-eabi/lib/thumb/v7-m/nofp\libc_nano.a(lib_a-init.o)
 .ARM.attributes
                0x000000000000041c       0x2d c:/st/stm32cubeide_1.7.0/stm32cubeide/plugins/com.st.stm32cube.ide.mcu.externaltools.gnu-tools-for-stm32.9-2020-q2-update.win32_2.0.0.202105311346/tools/bin/../lib/gcc/arm-none-eabi/9.3.1/../../../../arm-none-eabi/lib/thumb/v7-m/nofp\libc_nano.a(lib_a-memset.o)
 .ARM.attributes
                0x0000000000000449       0x1d c:/st/stm32cubeide_1.7.0/stm32cubeide/plugins/com.st.stm32cube.ide.mcu.externaltools.gnu-tools-for-stm32.9-2020-q2-update.win32_2.0.0.202105311346/tools/bin/../lib/gcc/arm-none-eabi/9.3.1/thumb/v7-m/nofp/crtn.o
OUTPUT(MCU_MPU_Assignment.elf elf32-littlearm)
LOAD linker stubs
LOAD c:/st/stm32cubeide_1.7.0/stm32cubeide/plugins/com.st.stm32cube.ide.mcu.externaltools.gnu-tools-for-stm32.9-2020-q2-update.win32_2.0.0.202105311346/tools/bin/../lib/gcc/arm-none-eabi/9.3.1/../../../../arm-none-eabi/lib/thumb/v7-m/nofp\libc.a
LOAD c:/st/stm32cubeide_1.7.0/stm32cubeide/plugins/com.st.stm32cube.ide.mcu.externaltools.gnu-tools-for-stm32.9-2020-q2-update.win32_2.0.0.202105311346/tools/bin/../lib/gcc/arm-none-eabi/9.3.1/../../../../arm-none-eabi/lib/thumb/v7-m/nofp\libm.a
LOAD c:/st/stm32cubeide_1.7.0/stm32cubeide/plugins/com.st.stm32cube.ide.mcu.externaltools.gnu-tools-for-stm32.9-2020-q2-update.win32_2.0.0.202105311346/tools/bin/../lib/gcc/arm-none-eabi/9.3.1/thumb/v7-m/nofp\libgcc.a

.debug_info     0x0000000000000000    0x102ee
 .debug_info    0x0000000000000000      0x755 ./Core/Src/fsm_automatic.o
 .debug_info    0x0000000000000755      0x73e ./Core/Src/fsm_manual.o
 .debug_info    0x0000000000000e93      0x9b1 ./Core/Src/global.o
 .debug_info    0x0000000000001844      0x79e ./Core/Src/input_processing.o
 .debug_info    0x0000000000001fe2      0x37b ./Core/Src/input_reading.o
 .debug_info    0x000000000000235d      0xffa ./Core/Src/main.o
 .debug_info    0x0000000000003357      0x2ef ./Core/Src/scheduler.o
 .debug_info    0x0000000000003646      0xe61 ./Core/Src/stm32f1xx_hal_msp.o
 .debug_info    0x00000000000044a7      0xa69 ./Core/Src/stm32f1xx_it.o
 .debug_info    0x0000000000004f10      0x2be ./Core/Src/system_stm32f1xx.o
 .debug_info    0x00000000000051ce      0x257 ./Core/Src/timer.o
 .debug_info    0x0000000000005425     0x102a ./Core/Src/uart.o
 .debug_info    0x000000000000644f       0x22 ./Core/Startup/startup_stm32f103rbtx.o
 .debug_info    0x0000000000006471      0x76a ./Drivers/STM32F1xx_HAL_Driver/Src/stm32f1xx_hal.o
 .debug_info    0x0000000000006bdb      0xbdc ./Drivers/STM32F1xx_HAL_Driver/Src/stm32f1xx_hal_cortex.o
 .debug_info    0x00000000000077b7      0x823 ./Drivers/STM32F1xx_HAL_Driver/Src/stm32f1xx_hal_dma.o
 .debug_info    0x0000000000007fda      0x701 ./Drivers/STM32F1xx_HAL_Driver/Src/stm32f1xx_hal_gpio.o
 .debug_info    0x00000000000086db      0x893 ./Drivers/STM32F1xx_HAL_Driver/Src/stm32f1xx_hal_rcc.o
 .debug_info    0x0000000000008f6e     0x2c12 ./Drivers/STM32F1xx_HAL_Driver/Src/stm32f1xx_hal_tim.o
 .debug_info    0x000000000000bb80     0x157f ./Drivers/STM32F1xx_HAL_Driver/Src/stm32f1xx_hal_tim_ex.o
 .debug_info    0x000000000000d0ff     0x31ef ./Drivers/STM32F1xx_HAL_Driver/Src/stm32f1xx_hal_uart.o

.debug_abbrev   0x0000000000000000     0x261b
 .debug_abbrev  0x0000000000000000      0x174 ./Core/Src/fsm_automatic.o
 .debug_abbrev  0x0000000000000174      0x15c ./Core/Src/fsm_manual.o
 .debug_abbrev  0x00000000000002d0      0x1de ./Core/Src/global.o
 .debug_abbrev  0x00000000000004ae      0x174 ./Core/Src/input_processing.o
 .debug_abbrev  0x0000000000000622      0x15b ./Core/Src/input_reading.o
 .debug_abbrev  0x000000000000077d      0x2e1 ./Core/Src/main.o
 .debug_abbrev  0x0000000000000a5e      0x14e ./Core/Src/scheduler.o
 .debug_abbrev  0x0000000000000bac      0x1c8 ./Core/Src/stm32f1xx_hal_msp.o
 .debug_abbrev  0x0000000000000d74      0x176 ./Core/Src/stm32f1xx_it.o
 .debug_abbrev  0x0000000000000eea      0x14e ./Core/Src/system_stm32f1xx.o
 .debug_abbrev  0x0000000000001038       0x94 ./Core/Src/timer.o
 .debug_abbrev  0x00000000000010cc      0x20b ./Core/Src/uart.o
 .debug_abbrev  0x00000000000012d7       0x12 ./Core/Startup/startup_stm32f103rbtx.o
 .debug_abbrev  0x00000000000012e9      0x1ed ./Drivers/STM32F1xx_HAL_Driver/Src/stm32f1xx_hal.o
 .debug_abbrev  0x00000000000014d6      0x313 ./Drivers/STM32F1xx_HAL_Driver/Src/stm32f1xx_hal_cortex.o
 .debug_abbrev  0x00000000000017e9      0x228 ./Drivers/STM32F1xx_HAL_Driver/Src/stm32f1xx_hal_dma.o
 .debug_abbrev  0x0000000000001a11      0x1e8 ./Drivers/STM32F1xx_HAL_Driver/Src/stm32f1xx_hal_gpio.o
 .debug_abbrev  0x0000000000001bf9      0x273 ./Drivers/STM32F1xx_HAL_Driver/Src/stm32f1xx_hal_rcc.o
 .debug_abbrev  0x0000000000001e6c      0x25e ./Drivers/STM32F1xx_HAL_Driver/Src/stm32f1xx_hal_tim.o
 .debug_abbrev  0x00000000000020ca      0x266 ./Drivers/STM32F1xx_HAL_Driver/Src/stm32f1xx_hal_tim_ex.o
 .debug_abbrev  0x0000000000002330      0x2eb ./Drivers/STM32F1xx_HAL_Driver/Src/stm32f1xx_hal_uart.o

.debug_aranges  0x0000000000000000      0xe18
 .debug_aranges
                0x0000000000000000       0x20 ./Core/Src/fsm_automatic.o
 .debug_aranges
                0x0000000000000020       0x30 ./Core/Src/fsm_manual.o
 .debug_aranges
                0x0000000000000050       0xa8 ./Core/Src/global.o
 .debug_aranges
                0x00000000000000f8       0x20 ./Core/Src/input_processing.o
 .debug_aranges
                0x0000000000000118       0x30 ./Core/Src/input_reading.o
 .debug_aranges
                0x0000000000000148       0x60 ./Core/Src/main.o
 .debug_aranges
                0x00000000000001a8       0x48 ./Core/Src/scheduler.o
 .debug_aranges
                0x00000000000001f0       0x48 ./Core/Src/stm32f1xx_hal_msp.o
 .debug_aranges
                0x0000000000000238       0x78 ./Core/Src/stm32f1xx_it.o
 .debug_aranges
                0x00000000000002b0       0x28 ./Core/Src/system_stm32f1xx.o
 .debug_aranges
                0x00000000000002d8       0x58 ./Core/Src/timer.o
 .debug_aranges
                0x0000000000000330       0x38 ./Core/Src/uart.o
 .debug_aranges
                0x0000000000000368       0x28 ./Core/Startup/startup_stm32f103rbtx.o
 .debug_aranges
                0x0000000000000390       0xe0 ./Drivers/STM32F1xx_HAL_Driver/Src/stm32f1xx_hal.o
 .debug_aranges
                0x0000000000000470      0x100 ./Drivers/STM32F1xx_HAL_Driver/Src/stm32f1xx_hal_cortex.o
 .debug_aranges
                0x0000000000000570       0x80 ./Drivers/STM32F1xx_HAL_Driver/Src/stm32f1xx_hal_dma.o
 .debug_aranges
                0x00000000000005f0       0x58 ./Drivers/STM32F1xx_HAL_Driver/Src/stm32f1xx_hal_gpio.o
 .debug_aranges
                0x0000000000000648       0x90 ./Drivers/STM32F1xx_HAL_Driver/Src/stm32f1xx_hal_rcc.o
 .debug_aranges
                0x00000000000006d8      0x3d0 ./Drivers/STM32F1xx_HAL_Driver/Src/stm32f1xx_hal_tim.o
 .debug_aranges
                0x0000000000000aa8      0x168 ./Drivers/STM32F1xx_HAL_Driver/Src/stm32f1xx_hal_tim_ex.o
 .debug_aranges
                0x0000000000000c10      0x208 ./Drivers/STM32F1xx_HAL_Driver/Src/stm32f1xx_hal_uart.o

.debug_ranges   0x0000000000000000      0xd00
 .debug_ranges  0x0000000000000000       0x10 ./Core/Src/fsm_automatic.o
 .debug_ranges  0x0000000000000010       0x20 ./Core/Src/fsm_manual.o
 .debug_ranges  0x0000000000000030       0x98 ./Core/Src/global.o
 .debug_ranges  0x00000000000000c8       0x10 ./Core/Src/input_processing.o
 .debug_ranges  0x00000000000000d8       0x20 ./Core/Src/input_reading.o
 .debug_ranges  0x00000000000000f8       0x50 ./Core/Src/main.o
 .debug_ranges  0x0000000000000148       0x38 ./Core/Src/scheduler.o
 .debug_ranges  0x0000000000000180       0x38 ./Core/Src/stm32f1xx_hal_msp.o
 .debug_ranges  0x00000000000001b8       0x68 ./Core/Src/stm32f1xx_it.o
 .debug_ranges  0x0000000000000220       0x18 ./Core/Src/system_stm32f1xx.o
 .debug_ranges  0x0000000000000238       0x48 ./Core/Src/timer.o
 .debug_ranges  0x0000000000000280       0x28 ./Core/Src/uart.o
 .debug_ranges  0x00000000000002a8       0x20 ./Core/Startup/startup_stm32f103rbtx.o
 .debug_ranges  0x00000000000002c8       0xd0 ./Drivers/STM32F1xx_HAL_Driver/Src/stm32f1xx_hal.o
 .debug_ranges  0x0000000000000398       0xf0 ./Drivers/STM32F1xx_HAL_Driver/Src/stm32f1xx_hal_cortex.o
 .debug_ranges  0x0000000000000488       0x70 ./Drivers/STM32F1xx_HAL_Driver/Src/stm32f1xx_hal_dma.o
 .debug_ranges  0x00000000000004f8       0x48 ./Drivers/STM32F1xx_HAL_Driver/Src/stm32f1xx_hal_gpio.o
 .debug_ranges  0x0000000000000540       0x80 ./Drivers/STM32F1xx_HAL_Driver/Src/stm32f1xx_hal_rcc.o
 .debug_ranges  0x00000000000005c0      0x3c0 ./Drivers/STM32F1xx_HAL_Driver/Src/stm32f1xx_hal_tim.o
 .debug_ranges  0x0000000000000980      0x158 ./Drivers/STM32F1xx_HAL_Driver/Src/stm32f1xx_hal_tim_ex.o
 .debug_ranges  0x0000000000000ad8      0x228 ./Drivers/STM32F1xx_HAL_Driver/Src/stm32f1xx_hal_uart.o

.debug_macro    0x0000000000000000    0x17fa7
 .debug_macro   0x0000000000000000      0x1e2 ./Core/Src/fsm_automatic.o
 .debug_macro   0x00000000000001e2      0xa9c ./Core/Src/fsm_automatic.o
 .debug_macro   0x0000000000000c7e      0x21b ./Core/Src/fsm_automatic.o
 .debug_macro   0x0000000000000e99       0x2e ./Core/Src/fsm_automatic.o
 .debug_macro   0x0000000000000ec7       0x22 ./Core/Src/fsm_automatic.o
 .debug_macro   0x0000000000000ee9       0x22 ./Core/Src/fsm_automatic.o
 .debug_macro   0x0000000000000f0b       0x8e ./Core/Src/fsm_automatic.o
 .debug_macro   0x0000000000000f99       0x51 ./Core/Src/fsm_automatic.o
 .debug_macro   0x0000000000000fea      0x103 ./Core/Src/fsm_automatic.o
 .debug_macro   0x00000000000010ed       0x6a ./Core/Src/fsm_automatic.o
 .debug_macro   0x0000000000001157      0x1df ./Core/Src/fsm_automatic.o
 .debug_macro   0x0000000000001336       0x1c ./Core/Src/fsm_automatic.o
 .debug_macro   0x0000000000001352       0x22 ./Core/Src/fsm_automatic.o
 .debug_macro   0x0000000000001374       0xc3 ./Core/Src/fsm_automatic.o
 .debug_macro   0x0000000000001437      0xd23 ./Core/Src/fsm_automatic.o
 .debug_macro   0x000000000000215a     0xe09e ./Core/Src/fsm_automatic.o
 .debug_macro   0x00000000000101f8       0x6d ./Core/Src/fsm_automatic.o
 .debug_macro   0x0000000000010265     0x348d ./Core/Src/fsm_automatic.o
 .debug_macro   0x00000000000136f2      0x174 ./Core/Src/fsm_automatic.o
 .debug_macro   0x0000000000013866       0x5c ./Core/Src/fsm_automatic.o
 .debug_macro   0x00000000000138c2      0x5bc ./Core/Src/fsm_automatic.o
 .debug_macro   0x0000000000013e7e      0x289 ./Core/Src/fsm_automatic.o
 .debug_macro   0x0000000000014107      0x1cb ./Core/Src/fsm_automatic.o
 .debug_macro   0x00000000000142d2      0x114 ./Core/Src/fsm_automatic.o
 .debug_macro   0x00000000000143e6      0x1b2 ./Core/Src/fsm_automatic.o
 .debug_macro   0x0000000000014598       0x27 ./Core/Src/fsm_automatic.o
 .debug_macro   0x00000000000145bf      0x136 ./Core/Src/fsm_automatic.o
 .debug_macro   0x00000000000146f5      0x1bc ./Core/Src/fsm_automatic.o
 .debug_macro   0x00000000000148b1       0x34 ./Core/Src/fsm_automatic.o
 .debug_macro   0x00000000000148e5       0x3c ./Core/Src/fsm_automatic.o
 .debug_macro   0x0000000000014921       0x57 ./Core/Src/fsm_automatic.o
 .debug_macro   0x0000000000014978       0x87 ./Core/Src/fsm_automatic.o
 .debug_macro   0x00000000000149ff      0x240 ./Core/Src/fsm_automatic.o
 .debug_macro   0x0000000000014c3f      0x140 ./Core/Src/fsm_automatic.o
 .debug_macro   0x0000000000014d7f      0x8ed ./Core/Src/fsm_automatic.o
 .debug_macro   0x000000000001566c      0x28e ./Core/Src/fsm_automatic.o
 .debug_macro   0x00000000000158fa       0x83 ./Core/Src/fsm_automatic.o
 .debug_macro   0x000000000001597d       0x7c ./Core/Src/fsm_automatic.o
 .debug_macro   0x00000000000159f9       0x64 ./Core/Src/fsm_automatic.o
 .debug_macro   0x0000000000015a5d       0x28 ./Core/Src/fsm_automatic.o
 .debug_macro   0x0000000000015a85      0x1d8 ./Core/Src/fsm_manual.o
 .debug_macro   0x0000000000015c5d      0x1c5 ./Core/Src/global.o
 .debug_macro   0x0000000000015e22      0x1e2 ./Core/Src/input_processing.o
 .debug_macro   0x0000000000016004      0x1d0 ./Core/Src/input_reading.o
 .debug_macro   0x00000000000161d4      0x1ff ./Core/Src/main.o
 .debug_macro   0x00000000000163d3       0x16 ./Core/Src/main.o
 .debug_macro   0x00000000000163e9      0x1bb ./Core/Src/scheduler.o
 .debug_macro   0x00000000000165a4      0x1b2 ./Core/Src/stm32f1xx_hal_msp.o
 .debug_macro   0x0000000000016756      0x1bc ./Core/Src/stm32f1xx_it.o
 .debug_macro   0x0000000000016912      0x1a3 ./Core/Src/system_stm32f1xx.o
 .debug_macro   0x0000000000016ab5       0x11 ./Core/Src/timer.o
 .debug_macro   0x0000000000016ac6      0x371 ./Core/Src/uart.o
 .debug_macro   0x0000000000016e37       0x52 ./Core/Src/uart.o
 .debug_macro   0x0000000000016e89      0x333 ./Core/Src/uart.o
 .debug_macro   0x00000000000171bc       0x10 ./Core/Src/uart.o
 .debug_macro   0x00000000000171cc       0x20 ./Core/Src/uart.o
 .debug_macro   0x00000000000171ec      0x1c7 ./Drivers/STM32F1xx_HAL_Driver/Src/stm32f1xx_hal.o
 .debug_macro   0x00000000000173b3      0x1a3 ./Drivers/STM32F1xx_HAL_Driver/Src/stm32f1xx_hal_cortex.o
 .debug_macro   0x0000000000017556      0x1a3 ./Drivers/STM32F1xx_HAL_Driver/Src/stm32f1xx_hal_dma.o
 .debug_macro   0x00000000000176f9      0x20e ./Drivers/STM32F1xx_HAL_Driver/Src/stm32f1xx_hal_gpio.o
 .debug_macro   0x0000000000017907      0x1b5 ./Drivers/STM32F1xx_HAL_Driver/Src/stm32f1xx_hal_rcc.o
 .debug_macro   0x0000000000017abc      0x1a4 ./Drivers/STM32F1xx_HAL_Driver/Src/stm32f1xx_hal_tim.o
 .debug_macro   0x0000000000017c60      0x1a3 ./Drivers/STM32F1xx_HAL_Driver/Src/stm32f1xx_hal_tim_ex.o
 .debug_macro   0x0000000000017e03      0x1a4 ./Drivers/STM32F1xx_HAL_Driver/Src/stm32f1xx_hal_uart.o

.debug_line     0x0000000000000000    0x103f3
 .debug_line    0x0000000000000000      0x768 ./Core/Src/fsm_automatic.o
 .debug_line    0x0000000000000768      0x761 ./Core/Src/fsm_manual.o
 .debug_line    0x0000000000000ec9      0x951 ./Core/Src/global.o
 .debug_line    0x000000000000181a      0x6c1 ./Core/Src/input_processing.o
 .debug_line    0x0000000000001edb      0x709 ./Core/Src/input_reading.o
 .debug_line    0x00000000000025e4      0x8ea ./Core/Src/main.o
 .debug_line    0x0000000000002ece      0x6e3 ./Core/Src/scheduler.o
 .debug_line    0x00000000000035b1      0x75d ./Core/Src/stm32f1xx_hal_msp.o
 .debug_line    0x0000000000003d0e      0x787 ./Core/Src/stm32f1xx_it.o
 .debug_line    0x0000000000004495      0x6fb ./Core/Src/system_stm32f1xx.o
 .debug_line    0x0000000000004b90      0x1ad ./Core/Src/timer.o
 .debug_line    0x0000000000004d3d      0x904 ./Core/Src/uart.o
 .debug_line    0x0000000000005641       0x86 ./Core/Startup/startup_stm32f103rbtx.o
 .debug_line    0x00000000000056c7      0x928 ./Drivers/STM32F1xx_HAL_Driver/Src/stm32f1xx_hal.o
 .debug_line    0x0000000000005fef      0xb10 ./Drivers/STM32F1xx_HAL_Driver/Src/stm32f1xx_hal_cortex.o
 .debug_line    0x0000000000006aff      0xd81 ./Drivers/STM32F1xx_HAL_Driver/Src/stm32f1xx_hal_dma.o
 .debug_line    0x0000000000007880      0x9c1 ./Drivers/STM32F1xx_HAL_Driver/Src/stm32f1xx_hal_gpio.o
 .debug_line    0x0000000000008241      0xd34 ./Drivers/STM32F1xx_HAL_Driver/Src/stm32f1xx_hal_rcc.o
 .debug_line    0x0000000000008f75     0x33a7 ./Drivers/STM32F1xx_HAL_Driver/Src/stm32f1xx_hal_tim.o
 .debug_line    0x000000000000c31c     0x187e ./Drivers/STM32F1xx_HAL_Driver/Src/stm32f1xx_hal_tim_ex.o
 .debug_line    0x000000000000db9a     0x2859 ./Drivers/STM32F1xx_HAL_Driver/Src/stm32f1xx_hal_uart.o

.debug_str      0x0000000000000000    0x8b1c0
 .debug_str     0x0000000000000000    0x83a7e ./Core/Src/fsm_automatic.o
                                      0x83e1c (size before relaxing)
 .debug_str     0x0000000000083a7e       0x5d ./Core/Src/fsm_manual.o
                                      0x83e05 (size before relaxing)
 .debug_str     0x0000000000083adb      0x15c ./Core/Src/global.o
                                      0x83f09 (size before relaxing)
 .debug_str     0x0000000000083c37       0xd7 ./Core/Src/input_processing.o
                                      0x83ea1 (size before relaxing)
 .debug_str     0x0000000000083d0e      0x165 ./Core/Src/input_reading.o
                                      0x839da (size before relaxing)
 .debug_str     0x0000000000083e73      0x5ef ./Core/Src/main.o
                                      0x844b5 (size before relaxing)
 .debug_str     0x0000000000084462       0xb1 ./Core/Src/scheduler.o
                                      0x83935 (size before relaxing)
 .debug_str     0x0000000000084513      0x337 ./Core/Src/stm32f1xx_hal_msp.o
                                      0x84324 (size before relaxing)
 .debug_str     0x000000000008484a       0xef ./Core/Src/stm32f1xx_it.o
                                      0x83ff5 (size before relaxing)
 .debug_str     0x0000000000084939       0x52 ./Core/Src/system_stm32f1xx.o
                                      0x836bf (size before relaxing)
 .debug_str     0x000000000008498b       0xe2 ./Core/Src/timer.o
                                       0x2e9e (size before relaxing)
 .debug_str     0x0000000000084a6d     0x4110 ./Core/Src/uart.o
                                      0x87f87 (size before relaxing)
 .debug_str     0x0000000000088b7d       0x36 ./Core/Startup/startup_stm32f103rbtx.o
                                         0x7b (size before relaxing)
 .debug_str     0x0000000000088bb3      0x304 ./Drivers/STM32F1xx_HAL_Driver/Src/stm32f1xx_hal.o
                                      0x83d50 (size before relaxing)
 .debug_str     0x0000000000088eb7      0x300 ./Drivers/STM32F1xx_HAL_Driver/Src/stm32f1xx_hal_cortex.o
                                      0x83d58 (size before relaxing)
 .debug_str     0x00000000000891b7      0x235 ./Drivers/STM32F1xx_HAL_Driver/Src/stm32f1xx_hal_dma.o
                                      0x83a9a (size before relaxing)
 .debug_str     0x00000000000893ec      0x311 ./Drivers/STM32F1xx_HAL_Driver/Src/stm32f1xx_hal_gpio.o
                                      0x83a83 (size before relaxing)
 .debug_str     0x00000000000896fd      0x24f ./Drivers/STM32F1xx_HAL_Driver/Src/stm32f1xx_hal_rcc.o
                                      0x83abc (size before relaxing)
 .debug_str     0x000000000008994c      0xd68 ./Drivers/STM32F1xx_HAL_Driver/Src/stm32f1xx_hal_tim.o
                                      0x84a95 (size before relaxing)
 .debug_str     0x000000000008a6b4      0x4ee ./Drivers/STM32F1xx_HAL_Driver/Src/stm32f1xx_hal_tim_ex.o
                                      0x84246 (size before relaxing)
 .debug_str     0x000000000008aba2      0x61e ./Drivers/STM32F1xx_HAL_Driver/Src/stm32f1xx_hal_uart.o
                                      0x84114 (size before relaxing)

.comment        0x0000000000000000       0x53
 .comment       0x0000000000000000       0x53 ./Core/Src/fsm_automatic.o
                                         0x54 (size before relaxing)
 .comment       0x0000000000000053       0x54 ./Core/Src/fsm_manual.o
 .comment       0x0000000000000053       0x54 ./Core/Src/global.o
 .comment       0x0000000000000053       0x54 ./Core/Src/input_processing.o
 .comment       0x0000000000000053       0x54 ./Core/Src/input_reading.o
 .comment       0x0000000000000053       0x54 ./Core/Src/main.o
 .comment       0x0000000000000053       0x54 ./Core/Src/scheduler.o
 .comment       0x0000000000000053       0x54 ./Core/Src/stm32f1xx_hal_msp.o
 .comment       0x0000000000000053       0x54 ./Core/Src/stm32f1xx_it.o
 .comment       0x0000000000000053       0x54 ./Core/Src/system_stm32f1xx.o
 .comment       0x0000000000000053       0x54 ./Core/Src/timer.o
 .comment       0x0000000000000053       0x54 ./Core/Src/uart.o
 .comment       0x0000000000000053       0x54 ./Drivers/STM32F1xx_HAL_Driver/Src/stm32f1xx_hal.o
 .comment       0x0000000000000053       0x54 ./Drivers/STM32F1xx_HAL_Driver/Src/stm32f1xx_hal_cortex.o
 .comment       0x0000000000000053       0x54 ./Drivers/STM32F1xx_HAL_Driver/Src/stm32f1xx_hal_dma.o
 .comment       0x0000000000000053       0x54 ./Drivers/STM32F1xx_HAL_Driver/Src/stm32f1xx_hal_gpio.o
 .comment       0x0000000000000053       0x54 ./Drivers/STM32F1xx_HAL_Driver/Src/stm32f1xx_hal_rcc.o
 .comment       0x0000000000000053       0x54 ./Drivers/STM32F1xx_HAL_Driver/Src/stm32f1xx_hal_tim.o
 .comment       0x0000000000000053       0x54 ./Drivers/STM32F1xx_HAL_Driver/Src/stm32f1xx_hal_tim_ex.o
 .comment       0x0000000000000053       0x54 ./Drivers/STM32F1xx_HAL_Driver/Src/stm32f1xx_hal_uart.o

.debug_frame    0x0000000000000000     0x3830
 .debug_frame   0x0000000000000000       0x2c ./Core/Src/fsm_automatic.o
 .debug_frame   0x000000000000002c       0x64 ./Core/Src/fsm_manual.o
 .debug_frame   0x0000000000000090      0x208 ./Core/Src/global.o
 .debug_frame   0x0000000000000298       0x30 ./Core/Src/input_processing.o
 .debug_frame   0x00000000000002c8       0x84 ./Core/Src/input_reading.o
 .debug_frame   0x000000000000034c      0x13c ./Core/Src/main.o
 .debug_frame   0x0000000000000488       0xe0 ./Core/Src/scheduler.o
 .debug_frame   0x0000000000000568       0xec ./Core/Src/stm32f1xx_hal_msp.o
 .debug_frame   0x0000000000000654      0x158 ./Core/Src/stm32f1xx_it.o
 .debug_frame   0x00000000000007ac       0x58 ./Core/Src/system_stm32f1xx.o
 .debug_frame   0x0000000000000804      0x148 ./Core/Src/timer.o
 .debug_frame   0x000000000000094c       0x98 ./Core/Src/uart.o
 .debug_frame   0x00000000000009e4      0x334 ./Drivers/STM32F1xx_HAL_Driver/Src/stm32f1xx_hal.o
 .debug_frame   0x0000000000000d18      0x428 ./Drivers/STM32F1xx_HAL_Driver/Src/stm32f1xx_hal_cortex.o
 .debug_frame   0x0000000000001140      0x208 ./Drivers/STM32F1xx_HAL_Driver/Src/stm32f1xx_hal_dma.o
 .debug_frame   0x0000000000001348      0x14c ./Drivers/STM32F1xx_HAL_Driver/Src/stm32f1xx_hal_gpio.o
 .debug_frame   0x0000000000001494      0x218 ./Drivers/STM32F1xx_HAL_Driver/Src/stm32f1xx_hal_rcc.o
 .debug_frame   0x00000000000016ac     0x11bc ./Drivers/STM32F1xx_HAL_Driver/Src/stm32f1xx_hal_tim.o
 .debug_frame   0x0000000000002868      0x638 ./Drivers/STM32F1xx_HAL_Driver/Src/stm32f1xx_hal_tim_ex.o
 .debug_frame   0x0000000000002ea0      0x944 ./Drivers/STM32F1xx_HAL_Driver/Src/stm32f1xx_hal_uart.o
 .debug_frame   0x00000000000037e4       0x2c c:/st/stm32cubeide_1.7.0/stm32cubeide/plugins/com.st.stm32cube.ide.mcu.externaltools.gnu-tools-for-stm32.9-2020-q2-update.win32_2.0.0.202105311346/tools/bin/../lib/gcc/arm-none-eabi/9.3.1/../../../../arm-none-eabi/lib/thumb/v7-m/nofp\libc_nano.a(lib_a-init.o)
 .debug_frame   0x0000000000003810       0x20 c:/st/stm32cubeide_1.7.0/stm32cubeide/plugins/com.st.stm32cube.ide.mcu.externaltools.gnu-tools-for-stm32.9-2020-q2-update.win32_2.0.0.202105311346/tools/bin/../lib/gcc/arm-none-eabi/9.3.1/../../../../arm-none-eabi/lib/thumb/v7-m/nofp\libc_nano.a(lib_a-memset.o)
